// Jest Snapshot v1, https://goo.gl/fbAQLP

exports[`Navbar Block renders correctly 1`] = `
.c0 {
  position: relative;
  display: -webkit-box;
  display: -webkit-flex;
  display: -ms-flexbox;
  display: flex;
  -webkit-box-pack: justify;
  -webkit-justify-content: space-between;
  -ms-flex-pack: justify;
  justify-content: space-between;
  -webkit-align-items: center;
  -webkit-box-align: center;
  -ms-flex-align: center;
  align-items: center;
  height: 50px;
  min-height: 50px;
  padding: 0 20px;
  background-color: #1D1F21;
}

<div
  className="c0"
/>
`;
