// Jest Snapshot v1, https://goo.gl/fbAQLP

exports[`DialogHeader Element renders correctly 1`] = `
.c0 {
  margin: 0;
  text-align: left;
  color: #eaeaec;
  font-weight: bold;
  font-size: 18px;
  -webkit-letter-spacing: 1px;
  -moz-letter-spacing: 1px;
  -ms-letter-spacing: 1px;
  letter-spacing: 1px;
  line-height: 28px;
}

<h1
  className="c0"
/>
`;
