// Jest Snapshot v1, https://goo.gl/fbAQLP

exports[`DialogBox Element renders correctly 1`] = `
.c0 {
  position: relative;
  left: 50%;
  -webkit-transform: translateX(-50%);
  -ms-transform: translateX(-50%);
  transform: translateX(-50%);
  margin-top: 60px;
  padding: 30px;
  width: calc(100% - 40px);
  max-width: 600px;
  text-align: right;
  background-color: #3e4042;
  box-shadow: 0 2px 10px 0 #1D1F21;
  border-radius: 5px;
}

<div
  className="c0"
/>
`;
