// Jest Snapshot v1, https://goo.gl/fbAQLP

exports[`Dialog Block renders correctly 1`] = `
.c0 {
  position: fixed;
  top: 0;
  right: 0;
  bottom: 0;
  left: 0;
}

<div
  className="c0"
/>
`;
