// Jest Snapshot v1, https://goo.gl/fbAQLP

exports[`DialogOverlay Element renders correctly 1`] = `
.c0 {
  position: fixed;
  top: 0;
  right: 0;
  bottom: 0;
  left: 0;
  background-color: #1D1F21;
  opacity: 0.5;
  z-index: -1;
}

<div
  className="c0"
/>
`;
