// Jest Snapshot v1, https://goo.gl/fbAQLP

exports[`BannerLeft Element renders correctly 1`] = `
.c0 {
  -webkit-flex-basis: 50%;
  -ms-flex-preferred-size: 50%;
  flex-basis: 50%;
  padding-right: 10px;
}

<div
  className="c0"
/>
`;
